46.229.168.0 - - [10/Aug/2020:09:37:32 -0400] "GET /robots.txt HTTP/1.1" 404 1364 www.joaquinmiller.com "-" "Mozilla/5.0 (compatible; SemrushBot/6~bl; +http://www.semrush.com/bot.html)" "-"
46.229.168.0 - - [10/Aug/2020:09:37:32 -0400] "GET /pages/image51.html HTTP/1.1" 200 1132 www.joaquinmiller.com "-" "Mozilla/5.0 (compatible; SemrushBot/6~bl; +http://www.semrush.com/bot.html)" "-"
114.119.165.0 - - [10/Aug/2020:09:37:43 -0400] "GET /years/1921.html HTTP/1.1" 200 18501 joaquinmiller.com "-" "Mozilla/5.0 (Linux; Android 7.0;) AppleWebKit/537.36 (KHTML, like Gecko) Mobile Safari/537.36 (compatible; PetalBot;+https://aspiegel.com/petalbot)" "-"
46.229.168.0 - - [10/Aug/2020:09:38:58 -0400] "GET /pages/image262.html HTTP/1.1" 200 1138 joaquinmiller.com "-" "Mozilla/5.0 (compatible; SemrushBot/6~bl; +http://www.semrush.com/bot.html)" "-"
46.229.168.0 - - [10/Aug/2020:09:43:01 -0400] "GET /index6.html HTTP/1.1" 301 248 www.joaquinmiller.com "-" "Mozilla/5.0 (compatible; SemrushBot/6~bl; +http://www.semrush.com/bot.html)" "-"
46.229.168.0 - - [10/Aug/2020:09:43:03 -0400] "GET /index.html HTTP/1.1" 200 18173 www.joaquinmiller.com "-" "Mozilla/5.0 (compatible; SemrushBot/6~bl; +http://www.semrush.com/bot.html)" "-"
114.119.160.0 - - [10/Aug/2020:09:43:35 -0400] "GET /pages/image18.html HTTP/1.1" 200 1130 www.joaquinmiller.com "-" "Mozilla/5.0 (Linux; Android 7.0;) AppleWebKit/537.36 (KHTML, like Gecko) Mobile Safari/537.36 (compatible; PetalBot;+https://aspiegel.com/petalbot)" "-"
46.229.168.0 - - [10/Aug/2020:09:51:57 -0400] "GET /pages/image191.html HTTP/1.1" 200 1136 www.joaquinmiller.com "-" "Mozilla/5.0 (compatible; SemrushBot/6~bl; +http://www.semrush.com/bot.html)" "-"
114.119.161.0 - - [10/Aug/2020:09:53:06 -0400] "GET /years/1878.html HTTP/1.1" 200 24844 joaquinmiller.com "-" "Mozilla/5.0 (Linux; Android 7.0;) AppleWebKit/537.36 (KHTML, like Gecko) Mobile Safari/537.36 (compatible; PetalBot;+https://aspiegel.com/petalbot)" "-"
77.88.5.0 - - [10/Aug/2020:09:54:10 -0400] "GET /robots.txt HTTP/1.1" 404 1364 poeticjustice.us "-" "Mozilla/5.0 (compatible; YandexBot/3.0; +http://yandex.com/bots)" "-"
77.88.5.0 - - [10/Aug/2020:09:54:14 -0400] "GET /images/Joaquin%20Miller%20pics.164.jpg HTTP/1.1" 304 - poeticjustice.us "-" "Mozilla/5.0 (compatible; YandexImages/3.0; +http://yandex.com/bots)" "-"
54.36.149.0 - - [10/Aug/2020:09:55:50 -0400] "GET /years/1926.html HTTP/1.1" 200 18008 www.joaquinmiller.com "-" "Mozilla/5.0 (compatible; AhrefsBot/6.1; +http://ahrefs.com/robot/)" "-"
114.119.164.0 - - [10/Aug/2020:09:58:20 -0400] "GET /images5.html HTTP/1.1" 200 23275 www.joaquinmiller.com "-" "Mozilla/5.0 (Linux; Android 7.0;) AppleWebKit/537.36 (KHTML, like Gecko) Mobile Safari/537.36 (compatible; PetalBot;+https://aspiegel.com/petalbot)" "-"
114.119.165.0 - - [10/Aug/2020:10:03:32 -0400] "GET /thumbnails/Joaquin%20Miller%20pics.001.jpg HTTP/1.1" 200 7108 joaquinmiller.com "-" "Mozilla/5.0 (Linux; Android 7.0;) AppleWebKit/537.36 (KHTML, like Gecko) Mobile Safari/537.36 (compatible; PetalBot;+https://aspiegel.com/petalbot)" "-"
114.119.161.0 - - [10/Aug/2020:10:08:45 -0400] "GET /years/1875.html HTTP/1.1" 200 27680 www.joaquinmiller.com "-" "Mozilla/5.0 (Linux; Android 7.0;) AppleWebKit/537.36 (KHTML, like Gecko) Mobile Safari/537.36 (compatible; PetalBot;+https://aspiegel.com/petalbot)" "-"
46.229.168.0 - - [10/Aug/2020:10:13:28 -0400] "GET /robots.txt HTTP/1.1" 404 1364 joaquinmiller.com "-" "Mozilla/5.0 (compatible; SemrushBot/6~bl; +http://www.semrush.com/bot.html)" "-"
46.229.168.0 - - [10/Aug/2020:10:13:28 -0400] "GET /pages/image228.html HTTP/1.1" 200 1136 joaquinmiller.com "-" "Mozilla/5.0 (compatible; SemrushBot/6~bl; +http://www.semrush.com/bot.html)" "-"
114.119.164.0 - - [10/Aug/2020:10:13:58 -0400] "GET /years/1881.html HTTP/1.1" 200 24298 joaquinmiller.com "-" "Mozilla/5.0 (Linux; Android 7.0;) AppleWebKit/537.36 (KHTML, like Gecko) Mobile Safari/537.36 (compatible; PetalBot;+https://aspiegel.com/petalbot)" "-"
114.119.161.0 - - [10/Aug/2020:10:19:10 -0400] "GET /years/1883.html HTTP/1.1" 200 30381 www.joaquinmiller.com "-" "Mozilla/5.0 (Linux; Android 7.0;) AppleWebKit/537.36 (KHTML, like Gecko) Mobile Safari/537.36 (compatible; PetalBot;+https://aspiegel.com/petalbot)" "-"
46.229.168.0 - - [10/Aug/2020:10:31:09 -0400] "GET /pages/image232.html HTTP/1.1" 200 1136 www.joaquinmiller.com "-" "Mozilla/5.0 (compatible; SemrushBot/6~bl; +http://www.semrush.com/bot.html)" "-"
46.229.168.0 - - [10/Aug/2020:10:31:19 -0400] "GET /pages/image180.html HTTP/1.1" 200 1136 www.joaquinmiller.com "-" "Mozilla/5.0 (compatible; SemrushBot/6~bl; +http://www.semrush.com/bot.html)" "-"
46.229.168.0 - - [10/Aug/2020:10:31:30 -0400] "GET /pages/image277.html HTTP/1.1" 200 1138 joaquinmiller.com "-" "Mozilla/5.0 (compatible; SemrushBot/6~bl; +http://www.semrush.com/bot.html)" "-"
46.229.168.0 - - [10/Aug/2020:10:35:33 -0400] "GET /pages/image208.html HTTP/1.1" 200 1136 joaquinmiller.com "-" "Mozilla/5.0 (compatible; SemrushBot/6~bl; +http://www.semrush.com/bot.html)" "-"
46.229.168.0 - - [10/Aug/2020:10:36:10 -0400] "GET /pages/image171.html HTTP/1.1" 200 1136 joaquinmiller.com "-" "Mozilla/5.0 (compatible; SemrushBot/6~bl; +http://www.semrush.com/bot.html)" "-"
40.77.167.0 - - [10/Aug/2020:10:36:32 -0400] "GET /years/1980.html HTTP/1.1" 200 15912 joaquinmiller.com "-" "Mozilla/5.0 (compatible; bingbot/2.0; +http://www.bing.com/bingbot.htm)" "-"
54.36.149.0 - - [10/Aug/2020:10:41:25 -0400] "GET /years/1976.html HTTP/1.1" 200 16646 www.joaquinmiller.com "-" "Mozilla/5.0 (compatible; AhrefsBot/6.1; +http://ahrefs.com/robot/)" "-"
212.227.221.0 - - [10/Aug/2020:10:46:58 -0400] "GET / HTTP/1.1" 200 18173 joaquinmiller.com "-" "Mozilla/5.0 (Macintosh; Intel Mac OS X 10_9_3) AppleWebKit/537.75.14 (KHTML, like Gecko) Version/7.0.3 Safari/7046A194A" "-"
212.227.221.0 - - [10/Aug/2020:10:46:59 -0400] "GET / HTTP/1.1" 200 18173 joaquinmiller.com "-" "Mozilla/5.0 (Macintosh; Intel Mac OS X 10_9_3) AppleWebKit/537.75.14 (KHTML, like Gecko) Version/7.0.3 Safari/7046A194A" "-"
212.227.221.0 - - [10/Aug/2020:10:46:59 -0400] "GET /css/jmiller.css HTTP/1.1" 200 2141 joaquinmiller.com "http://joaquinmiller.com/" "Mozilla/5.0 (Macintosh; Intel Mac OS X 10_9_3) AppleWebKit/537.75.14 (KHTML, like Gecko) Version/7.0.3 Safari/7046A194A" "-"
212.227.221.0 - - [10/Aug/2020:10:46:59 -0400] "GET /index/spacer.gif HTTP/1.1" 404 1364 joaquinmiller.com "http://joaquinmiller.com/" "Mozilla/5.0 (Macintosh; Intel Mac OS X 10_9_3) AppleWebKit/537.75.14 (KHTML, like Gecko) Version/7.0.3 Safari/7046A194A" "-"
212.227.221.0 - - [10/Aug/2020:10:46:59 -0400] "GET /images/banner.jpg HTTP/1.1" 200 17064 joaquinmiller.com "http://joaquinmiller.com/" "Mozilla/5.0 (Macintosh; Intel Mac OS X 10_9_3) AppleWebKit/537.75.14 (KHTML, like Gecko) Version/7.0.3 Safari/7046A194A" "-"
212.227.221.0 - - [10/Aug/2020:10:46:59 -0400] "GET /images/dot-parchment.gif HTTP/1.1" 200 35 joaquinmiller.com "http://joaquinmiller.com/" "Mozilla/5.0 (Macintosh; Intel Mac OS X 10_9_3) AppleWebKit/537.75.14 (KHTML, like Gecko) Version/7.0.3 Safari/7046A194A" "-"
212.227.221.0 - - [10/Aug/2020:10:46:59 -0400] "GET /images/Joaquin_Miller_-_Brady-Handy-300.jpg HTTP/1.1" 200 34815 joaquinmiller.com "http://joaquinmiller.com/" "Mozilla/5.0 (Macintosh; Intel Mac OS X 10_9_3) AppleWebKit/537.75.14 (KHTML, like Gecko) Version/7.0.3 Safari/7046A194A" "-"
212.227.221.0 - - [10/Aug/2020:10:46:59 -0400] "GET /index/dot-parchment.gif HTTP/1.1" 404 1364 joaquinmiller.com "http://joaquinmiller.com/" "Mozilla/5.0 (Macintosh; Intel Mac OS X 10_9_3) AppleWebKit/537.75.14 (KHTML, like Gecko) Version/7.0.3 Safari/7046A194A" "-"
212.227.221.0 - - [10/Aug/2020:10:46:59 -0400] "GET /images/spacer.gif HTTP/1.1" 200 43 joaquinmiller.com "http://joaquinmiller.com/" "Mozilla/5.0 (Macintosh; Intel Mac OS X 10_9_3) AppleWebKit/537.75.14 (KHTML, like Gecko) Version/7.0.3 Safari/7046A194A" "-"
46.229.168.0 - - [10/Aug/2020:11:04:37 -0400] "GET /robots.txt HTTP/1.1" 404 1364 www.joaquinmiller.com "-" "Mozilla/5.0 (compatible; SemrushBot/6~bl; +http://www.semrush.com/bot.html)" "-"
46.229.168.0 - - [10/Aug/2020:11:04:37 -0400] "GET /pages/image93.html HTTP/1.1" 200 1132 www.joaquinmiller.com "-" "Mozilla/5.0 (compatible; SemrushBot/6~bl; +http://www.semrush.com/bot.html)" "-"
54.39.216.0 - - [10/Aug/2020:11:05:35 -0400] "GET //test/vendor/phpunit/phpunit/phpunit.xsd HTTP/1.1" 404 1364 joaquinmiller.com "-" "Mozilla/5.0 (X11; Linux x86_64; rv:52.0) Gecko/20100101 Firefox/52.0" "-"
66.249.73.0 - - [10/Aug/2020:11:06:21 -0400] "GET /robots.txt HTTP/1.1" 404 1364 www.joaquinmiller.com "-" "Mozilla/5.0 (compatible; Googlebot/2.1; +http://www.google.com/bot.html)" "-"
66.249.73.0 - - [10/Aug/2020:11:06:22 -0400] "GET /ads.txt HTTP/1.1" 404 1364 www.joaquinmiller.com "-" "Mozilla/5.0 (compatible; Googlebot/2.1; +http://www.google.com/bot.html)" "-"
46.229.168.0 - - [10/Aug/2020:11:07:32 -0400] "GET /pages/image303.html HTTP/1.1" 200 1010 www.joaquinmiller.com "-" "Mozilla/5.0 (compatible; SemrushBot/6~bl; +http://www.semrush.com/bot.html)" "-"
66.249.73.0 - - [10/Aug/2020:11:07:35 -0400] "GET /ads.txt HTTP/1.1" 404 1364 www.joaquinmiller.com "-" "Mozilla/5.0 (compatible; Googlebot/2.1; +http://www.google.com/bot.html)" "-"
66.249.73.0 - - [10/Aug/2020:11:07:45 -0400] "GET /robots.txt HTTP/1.1" 404 1364 joaquinmiller.com "-" "Mozilla/5.0 (compatible; Googlebot/2.1; +http://www.google.com/bot.html)" "-"
66.249.73.0 - - [10/Aug/2020:11:07:53 -0400] "GET /.well-known/assetlinks.json HTTP/1.1" 300 523 joaquinmiller.com "-" "Mozilla/5.0 (compatible; Googlebot/2.1; +http://www.google.com/bot.html)" "-"
216.244.66.0 - - [10/Aug/2020:11:15:06 -0400] "GET /robots.txt HTTP/1.1" 403 1364 www.joaquinmiller.com "-" "Mozilla/5.0 (compatible; DotBot/1.1; http://www.opensiteexplorer.org/dotbot, help@moz.com)" "-"
46.229.168.0 - - [10/Aug/2020:11:16:05 -0400] "GET /pages/image238.html HTTP/1.1" 200 1136 www.joaquinmiller.com "-" "Mozilla/5.0 (compatible; SemrushBot/6~bl; +http://www.semrush.com/bot.html)" "-"
66.249.73.0 - - [10/Aug/2020:11:16:09 -0400] "GET /robots.txt HTTP/1.1" 404 1364 joaquinmiller.com "-" "Mozilla/5.0 (compatible; Googlebot/2.1; +http://www.google.com/bot.html)" "-"
46.229.168.0 - - [10/Aug/2020:11:16:21 -0400] "GET /pages/image213.html HTTP/1.1" 200 1136 www.joaquinmiller.com "-" "Mozilla/5.0 (compatible; SemrushBot/6~bl; +http://www.semrush.com/bot.html)" "-"
66.249.73.0 - - [10/Aug/2020:11:16:31 -0400] "GET /ads.txt HTTP/1.1" 404 1364 joaquinmiller.com "-" "Mozilla/5.0 (compatible; Googlebot/2.1; +http://www.google.com/bot.html)" "-"
216.244.66.0 - - [10/Aug/2020:11:17:24 -0400] "GET /pages/image249.html HTTP/1.1" 403 1364 www.joaquinmiller.com "-" "Mozilla/5.0 (compatible; DotBot/1.1; http://www.opensiteexplorer.org/dotbot, help@moz.com)" "-"
46.229.168.0 - - [10/Aug/2020:11:19:40 -0400] "GET /robots.txt HTTP/1.1" 404 1364 joaquinmiller.com "-" "Mozilla/5.0 (compatible; SemrushBot/6~bl; +http://www.semrush.com/bot.html)" "-"
46.229.168.0 - - [10/Aug/2020:11:19:40 -0400] "GET /years/1883.html HTTP/1.1" 200 30381 joaquinmiller.com "-" "Mozilla/5.0 (compatible; SemrushBot/6~bl; +http://www.semrush.com/bot.html)" "-"
46.229.168.0 - - [10/Aug/2020:11:21:46 -0400] "GET /years/1863.html HTTP/1.1" 200 21219 www.joaquinmiller.com "-" "Mozilla/5.0 (compatible; SemrushBot/6~bl; +http://www.semrush.com/bot.html)" "-"
114.119.165.0 - - [10/Aug/2020:11:22:47 -0400] "GET /years/1893.html HTTP/1.1" 200 26594 www.joaquinmiller.com "-" "Mozilla/5.0 (Linux; Android 7.0;) AppleWebKit/537.36 (KHTML, like Gecko) Mobile Safari/537.36 (compatible; PetalBot;+https://aspiegel.com/petalbot)" "-"
17.58.96.0 - - [10/Aug/2020:11:25:37 -0400] "GET /pages/image73.html HTTP/1.1" 200 1132 www.joaquinmiller.com "-" "Mozilla/5.0 (Macintosh; Intel Mac OS X 10_15_5) AppleWebKit/605.1.15 (KHTML, like Gecko) Version/13.1.1 Safari/605.1.15 (Applebot/0.1; +http://www.apple.com/go/applebot)" "-"
66.249.73.0 - - [10/Aug/2020:11:26:09 -0400] "GET /ads.txt HTTP/1.1" 404 1364 joaquinmiller.com "-" "Mozilla/5.0 (compatible; Googlebot/2.1; +http://www.google.com/bot.html)" "-"
114.119.165.0 - - [10/Aug/2020:11:27:58 -0400] "GET /pages/image136.html HTTP/1.1" 200 1136 www.joaquinmiller.com "-" "Mozilla/5.0 (Linux; Android 7.0;) AppleWebKit/537.36 (KHTML, like Gecko) Mobile Safari/537.36 (compatible; PetalBot;+https://aspiegel.com/petalbot)" "-"
54.36.148.0 - - [10/Aug/2020:11:30:06 -0400] "GET /years/1961.html HTTP/1.1" 200 15932 www.joaquinmiller.com "-" "Mozilla/5.0 (compatible; AhrefsBot/6.1; +http://ahrefs.com/robot/)" "-"
46.229.168.0 - - [10/Aug/2020:11:33:36 -0400] "GET /pages/image122.html HTTP/1.1" 200 1136 www.joaquinmiller.com "-" "Mozilla/5.0 (compatible; SemrushBot/6~bl; +http://www.semrush.com/bot.html)" "-"
46.229.168.0 - - [10/Aug/2020:11:40:54 -0400] "GET /addl_sources.html HTTP/1.1" 200 17096 joaquinmiller.com "-" "Mozilla/5.0 (compatible; SemrushBot/6~bl; +http://www.semrush.com/bot.html)" "-"
207.46.13.0 - - [10/Aug/2020:11:42:46 -0400] "GET /robots.txt HTTP/1.1" 404 1364 www.joaquinmiller.com "-" "Mozilla/5.0 (compatible; bingbot/2.0; +http://www.bing.com/bingbot.htm)" "-"
46.229.168.0 - - [10/Aug/2020:11:46:14 -0400] "GET /images11.html HTTP/1.1" 200 22865 www.joaquinmiller.com "-" "Mozilla/5.0 (compatible; SemrushBot/6~bl; +http://www.semrush.com/bot.html)" "-"
46.229.168.0 - - [10/Aug/2020:11:46:26 -0400] "GET /pages/image264.html HTTP/1.1" 200 1138 joaquinmiller.com "-" "Mozilla/5.0 (compatible; SemrushBot/6~bl; +http://www.semrush.com/bot.html)" "-"
46.229.168.0 - - [10/Aug/2020:11:50:24 -0400] "GET /pages/image272.html HTTP/1.1" 200 1138 www.joaquinmiller.com "-" "Mozilla/5.0 (compatible; SemrushBot/6~bl; +http://www.semrush.com/bot.html)" "-"
40.77.167.0 - - [10/Aug/2020:11:52:28 -0400] "GET /images9.html HTTP/1.1" 200 20943 poeticjustice.us "-" "Mozilla/5.0 (compatible; bingbot/2.0; +http://www.bing.com/bingbot.htm)" "-"
114.119.164.0 - - [10/Aug/2020:11:54:14 -0400] "GET /index6.html HTTP/1.1" 301 247 www.joaquinmiller.com "-" "Mozilla/5.0 (Linux; Android 7.0;) AppleWebKit/537.36 (KHTML, like Gecko) Mobile Safari/537.36 (compatible; PetalBot;+https://aspiegel.com/petalbot)" "-"
114.119.164.0 - - [10/Aug/2020:11:54:14 -0400] "GET /index.html HTTP/1.1" 200 18173 www.joaquinmiller.com "-" "Mozilla/5.0 (Linux; Android 7.0;) AppleWebKit/537.36 (KHTML, like Gecko) Mobile Safari/537.36 (compatible; PetalBot;+https://aspiegel.com/petalbot)" "-"
46.229.168.0 - - [10/Aug/2020:12:04:15 -0400] "GET /pages/image265.html HTTP/1.1" 200 1138 joaquinmiller.com "-" "Mozilla/5.0 (compatible; SemrushBot/6~bl; +http://www.semrush.com/bot.html)" "-"
46.229.168.0 - - [10/Aug/2020:12:05:27 -0400] "GET /robots.txt HTTP/1.1" 404 1364 www.joaquinmiller.com "-" "Mozilla/5.0 (compatible; SemrushBot/6~bl; +http://www.semrush.com/bot.html)" "-"
46.229.168.0 - - [10/Aug/2020:12:05:27 -0400] "GET /pages/image116.html HTTP/1.1" 200 1136 www.joaquinmiller.com "-" "Mozilla/5.0 (compatible; SemrushBot/6~bl; +http://www.semrush.com/bot.html)" "-"
114.119.165.0 - - [10/Aug/2020:12:06:26 -0400] "GET /pages/image24.html HTTP/1.1" 200 1130 www.joaquinmiller.com "-" "Mozilla/5.0 (Linux; Android 7.0;) AppleWebKit/537.36 (KHTML, like Gecko) Mobile Safari/537.36 (compatible; PetalBot;+https://aspiegel.com/petalbot)" "-"
99.8.202.0 - - [10/Aug/2020:12:11:13 -0400] "GET /years/1864.html HTTP/1.1" 200 17407 www.joaquinmiller.com "https://www.google.com/" "Mozilla/5.0 (Windows NT 10.0; Win64; x64) AppleWebKit/537.36 (KHTML, like Gecko) Chrome/84.0.4147.105 Safari/537.36" "-"
99.8.202.0 - - [10/Aug/2020:12:11:13 -0400] "GET /css/jmiller.css HTTP/1.1" 200 2141 www.joaquinmiller.com "http://www.joaquinmiller.com/years/1864.html" "Mozilla/5.0 (Windows NT 10.0; Win64; x64) AppleWebKit/537.36 (KHTML, like Gecko) Chrome/84.0.4147.105 Safari/537.36" "-"
99.8.202.0 - - [10/Aug/2020:12:11:13 -0400] "GET /images/spacer.gif HTTP/1.1" 200 43 www.joaquinmiller.com "http://www.joaquinmiller.com/years/1864.html" "Mozilla/5.0 (Windows NT 10.0; Win64; x64) AppleWebKit/537.36 (KHTML, like Gecko) Chrome/84.0.4147.105 Safari/537.36" "-"
99.8.202.0 - - [10/Aug/2020:12:11:13 -0400] "GET /images/banner.jpg HTTP/1.1" 200 17064 www.joaquinmiller.com "http://www.joaquinmiller.com/years/1864.html" "Mozilla/5.0 (Windows NT 10.0; Win64; x64) AppleWebKit/537.36 (KHTML, like Gecko) Chrome/84.0.4147.105 Safari/537.36" "-"
99.8.202.0 - - [10/Aug/2020:12:11:13 -0400] "GET /images/dot-parchment.gif HTTP/1.1" 200 35 www.joaquinmiller.com "http://www.joaquinmiller.com/years/1864.html" "Mozilla/5.0 (Windows NT 10.0; Win64; x64) AppleWebKit/537.36 (KHTML, like Gecko) Chrome/84.0.4147.105 Safari/537.36" "-"
99.8.202.0 - - [10/Aug/2020:12:11:14 -0400] "GET /favicon.ico HTTP/1.1" 404 1364 www.joaquinmiller.com "http://www.joaquinmiller.com/years/1864.html" "Mozilla/5.0 (Windows NT 10.0; Win64; x64) AppleWebKit/537.36 (KHTML, like Gecko) Chrome/84.0.4147.105 Safari/537.36" "-"
