114.119.165.0 - - [10/Aug/2020:00:01:26 -0400] "GET /pages/image57.html HTTP/1.1" 200 1132 www.joaquinmiller.com "-" "Mozilla/5.0 (Linux; Android 7.0;) AppleWebKit/537.36 (KHTML, like Gecko) Mobile Safari/537.36 (compatible; PetalBot;+https://aspiegel.com/petalbot)" "-"
46.229.168.0 - - [10/Aug/2020:00:05:11 -0400] "GET /pages/image207.html HTTP/1.1" 200 1136 joaquinmiller.com "-" "Mozilla/5.0 (compatible; SemrushBot/6~bl; +http://www.semrush.com/bot.html)" "-"
46.229.168.0 - - [10/Aug/2020:00:05:56 -0400] "GET /pages/image151.html HTTP/1.1" 200 1136 joaquinmiller.com "-" "Mozilla/5.0 (compatible; SemrushBot/6~bl; +http://www.semrush.com/bot.html)" "-"
46.229.168.0 - - [10/Aug/2020:00:07:52 -0400] "GET /robots.txt HTTP/1.1" 404 1364 www.joaquinmiller.com "-" "Mozilla/5.0 (compatible; SemrushBot/6~bl; +http://www.semrush.com/bot.html)" "-"
46.229.168.0 - - [10/Aug/2020:00:07:53 -0400] "GET /1872intro.html HTTP/1.1" 200 25033 www.joaquinmiller.com "-" "Mozilla/5.0 (compatible; SemrushBot/6~bl; +http://www.semrush.com/bot.html)" "-"
114.119.165.0 - - [10/Aug/2020:00:13:10 -0400] "GET /thumbnails/Joaquin%20Miller%20pics.286.jpg HTTP/1.1" 200 7735 www.joaquinmiller.com "-" "Mozilla/5.0 (Linux; Android 7.0;) AppleWebKit/537.36 (KHTML, like Gecko) Mobile Safari/537.36 (compatible; PetalBot;+https://aspiegel.com/petalbot)" "-"
46.229.168.0 - - [10/Aug/2020:00:15:17 -0400] "GET /robots.txt HTTP/1.1" 404 1364 joaquinmiller.com "-" "Mozilla/5.0 (compatible; SemrushBot/6~bl; +http://www.semrush.com/bot.html)" "-"
46.229.168.0 - - [10/Aug/2020:00:15:17 -0400] "GET /pages/image128.html HTTP/1.1" 200 1136 joaquinmiller.com "-" "Mozilla/5.0 (compatible; SemrushBot/6~bl; +http://www.semrush.com/bot.html)" "-"
46.229.168.0 - - [10/Aug/2020:00:18:58 -0400] "GET /pages/image242.html HTTP/1.1" 200 1136 joaquinmiller.com "-" "Mozilla/5.0 (compatible; SemrushBot/6~bl; +http://www.semrush.com/bot.html)" "-"
46.229.168.0 - - [10/Aug/2020:00:20:13 -0400] "GET /pages/image22.html HTTP/1.1" 200 1130 joaquinmiller.com "-" "Mozilla/5.0 (compatible; SemrushBot/6~bl; +http://www.semrush.com/bot.html)" "-"
46.229.168.0 - - [10/Aug/2020:00:25:30 -0400] "GET /pages/image287.html HTTP/1.1" 200 1138 joaquinmiller.com "-" "Mozilla/5.0 (compatible; SemrushBot/6~bl; +http://www.semrush.com/bot.html)" "-"
114.119.161.0 - - [10/Aug/2020:00:26:58 -0400] "GET /pages/image168.html HTTP/1.1" 200 1136 www.joaquinmiller.com "-" "Mozilla/5.0 (Linux; Android 7.0;) AppleWebKit/537.36 (KHTML, like Gecko) Mobile Safari/537.36 (compatible; PetalBot;+https://aspiegel.com/petalbot)" "-"
46.229.168.0 - - [10/Aug/2020:00:30:43 -0400] "GET /pages/image159.html HTTP/1.1" 200 1136 joaquinmiller.com "-" "Mozilla/5.0 (compatible; SemrushBot/6~bl; +http://www.semrush.com/bot.html)" "-"
114.119.160.0 - - [10/Aug/2020:00:35:39 -0400] "GET /thumbnails/Joaquin%20Miller%20pics.255.jpg HTTP/1.1" 200 7087 www.joaquinmiller.com "-" "Mozilla/5.0 (Linux; Android 7.0;) AppleWebKit/537.36 (KHTML, like Gecko) Mobile Safari/537.36 (compatible; PetalBot;+https://aspiegel.com/petalbot)" "-"
46.229.168.0 - - [10/Aug/2020:00:36:16 -0400] "GET /pages/image208.html HTTP/1.1" 200 1136 www.joaquinmiller.com "-" "Mozilla/5.0 (compatible; SemrushBot/6~bl; +http://www.semrush.com/bot.html)" "-"
46.229.168.0 - - [10/Aug/2020:00:37:52 -0400] "GET /pages/image236.html HTTP/1.1" 200 1136 www.joaquinmiller.com "-" "Mozilla/5.0 (compatible; SemrushBot/6~bl; +http://www.semrush.com/bot.html)" "-"
46.229.168.0 - - [10/Aug/2020:00:44:58 -0400] "GET /pages/image21.html HTTP/1.1" 200 1130 joaquinmiller.com "-" "Mozilla/5.0 (compatible; SemrushBot/6~bl; +http://www.semrush.com/bot.html)" "-"
46.229.168.0 - - [10/Aug/2020:00:45:04 -0400] "GET /pages/image291.html HTTP/1.1" 200 1138 joaquinmiller.com "-" "Mozilla/5.0 (compatible; SemrushBot/6~bl; +http://www.semrush.com/bot.html)" "-"
46.229.168.0 - - [10/Aug/2020:00:47:17 -0400] "GET /pages/image215.html HTTP/1.1" 200 1136 www.joaquinmiller.com "-" "Mozilla/5.0 (compatible; SemrushBot/6~bl; +http://www.semrush.com/bot.html)" "-"
114.119.160.0 - - [10/Aug/2020:00:54:49 -0400] "GET /pages/image45.html HTTP/1.1" 200 1132 www.joaquinmiller.com "-" "Mozilla/5.0 (Linux; Android 7.0;) AppleWebKit/537.36 (KHTML, like Gecko) Mobile Safari/537.36 (compatible; PetalBot;+https://aspiegel.com/petalbot)" "-"
114.119.163.0 - - [10/Aug/2020:00:59:55 -0400] "GET /years/1851.html HTTP/1.1" 200 12693 www.joaquinmiller.com "-" "Mozilla/5.0 (Linux; Android 7.0;) AppleWebKit/537.36 (KHTML, like Gecko) Mobile Safari/537.36 (compatible; PetalBot;+https://aspiegel.com/petalbot)" "-"
46.229.168.0 - - [10/Aug/2020:01:02:16 -0400] "GET /pages/image190.html HTTP/1.1" 200 1136 www.joaquinmiller.com "-" "Mozilla/5.0 (compatible; SemrushBot/6~bl; +http://www.semrush.com/bot.html)" "-"
114.119.162.0 - - [10/Aug/2020:01:06:49 -0400] "GET /pages/image277.html HTTP/1.1" 200 1138 www.joaquinmiller.com "-" "Mozilla/5.0 (Linux; Android 7.0;) AppleWebKit/537.36 (KHTML, like Gecko) Mobile Safari/537.36 (compatible; PetalBot;+https://aspiegel.com/petalbot)" "-"
114.119.161.0 - - [10/Aug/2020:01:11:59 -0400] "GET /years/1890.html HTTP/1.1" 200 22924 www.joaquinmiller.com "-" "Mozilla/5.0 (Linux; Android 7.0;) AppleWebKit/537.36 (KHTML, like Gecko) Mobile Safari/537.36 (compatible; PetalBot;+https://aspiegel.com/petalbot)" "-"
46.229.168.0 - - [10/Aug/2020:01:13:07 -0400] "GET /robots.txt HTTP/1.1" 404 1364 www.joaquinmiller.com "-" "Mozilla/5.0 (compatible; SemrushBot/6~bl; +http://www.semrush.com/bot.html)" "-"
46.229.168.0 - - [10/Aug/2020:01:13:07 -0400] "GET /pages/image217.html HTTP/1.1" 200 1136 www.joaquinmiller.com "-" "Mozilla/5.0 (compatible; SemrushBot/6~bl; +http://www.semrush.com/bot.html)" "-"
176.31.107.0 - - [10/Aug/2020:01:15:08 -0400] "GET / HTTP/1.1" 200 18173 joaquinmiller.com "http://joaquinmiller.com/" "Mozilla/5.0 (Windows NT 10.0; Win64; x64) AppleWebKit/537.36 (KHTML, like Gecko) Chrome/66.0.3359.181 Safari/537.36" "-"
114.119.162.0 - - [10/Aug/2020:01:17:11 -0400] "GET /images6.html HTTP/1.1" 200 21692 joaquinmiller.com "-" "Mozilla/5.0 (Linux; Android 7.0;) AppleWebKit/537.36 (KHTML, like Gecko) Mobile Safari/537.36 (compatible; PetalBot;+https://aspiegel.com/petalbot)" "-"
114.119.165.0 - - [10/Aug/2020:01:22:18 -0400] "GET /pages/image204.html HTTP/1.1" 200 1136 www.joaquinmiller.com "-" "Mozilla/5.0 (Linux; Android 7.0;) AppleWebKit/537.36 (KHTML, like Gecko) Mobile Safari/537.36 (compatible; PetalBot;+https://aspiegel.com/petalbot)" "-"
46.229.168.0 - - [10/Aug/2020:01:24:56 -0400] "GET /about.html HTTP/1.1" 200 14014 www.joaquinmiller.com "-" "Mozilla/5.0 (compatible; SemrushBot/6~bl; +http://www.semrush.com/bot.html)" "-"
114.119.160.0 - - [10/Aug/2020:01:27:29 -0400] "GET /thumbnails/Joaquin%20Miller%20pics.181.jpg HTTP/1.1" 200 7311 joaquinmiller.com "-" "Mozilla/5.0 (Linux; Android 7.0;) AppleWebKit/537.36 (KHTML, like Gecko) Mobile Safari/537.36 (compatible; PetalBot;+https://aspiegel.com/petalbot)" "-"
54.36.148.0 - - [10/Aug/2020:01:33:32 -0400] "GET /pages/image301.html HTTP/1.1" 200 1138 poeticjustice.us "-" "Mozilla/5.0 (compatible; AhrefsBot/6.1; +http://ahrefs.com/robot/)" "-"
54.36.149.0 - - [10/Aug/2020:01:39:29 -0400] "GET /robots.txt HTTP/1.1" 404 1364 joaquinmiller.com "-" "Mozilla/5.0 (compatible; AhrefsBot/6.1; +http://ahrefs.com/robot/)" "-"
54.36.149.0 - - [10/Aug/2020:01:39:30 -0400] "GET / HTTP/1.1" 200 18173 joaquinmiller.com "-" "Mozilla/5.0 (compatible; AhrefsBot/6.1; +http://ahrefs.com/robot/)" "-"
114.119.165.0 - - [10/Aug/2020:01:40:53 -0400] "GET /pages/image23.html HTTP/1.1" 200 1130 www.joaquinmiller.com "-" "Mozilla/5.0 (Linux; Android 7.0;) AppleWebKit/537.36 (KHTML, like Gecko) Mobile Safari/537.36 (compatible; PetalBot;+https://aspiegel.com/petalbot)" "-"
46.229.168.0 - - [10/Aug/2020:01:44:17 -0400] "GET /robots.txt HTTP/1.1" 404 1364 joaquinmiller.com "-" "Mozilla/5.0 (compatible; SemrushBot/6~bl; +http://www.semrush.com/bot.html)" "-"
46.229.168.0 - - [10/Aug/2020:01:44:18 -0400] "GET /pages/image273.html HTTP/1.1" 200 1138 joaquinmiller.com "-" "Mozilla/5.0 (compatible; SemrushBot/6~bl; +http://www.semrush.com/bot.html)" "-"
46.229.168.0 - - [10/Aug/2020:01:46:44 -0400] "GET /pages/image167.html HTTP/1.1" 200 1136 www.joaquinmiller.com "-" "Mozilla/5.0 (compatible; SemrushBot/6~bl; +http://www.semrush.com/bot.html)" "-"
46.229.168.0 - - [10/Aug/2020:01:46:50 -0400] "GET /pages/image110.html HTTP/1.1" 200 1136 www.joaquinmiller.com "-" "Mozilla/5.0 (compatible; SemrushBot/6~bl; +http://www.semrush.com/bot.html)" "-"
46.229.168.0 - - [10/Aug/2020:01:47:06 -0400] "GET /pages/image187.html HTTP/1.1" 200 1136 www.joaquinmiller.com "-" "Mozilla/5.0 (compatible; SemrushBot/6~bl; +http://www.semrush.com/bot.html)" "-"
148.251.244.0 - - [10/Aug/2020:01:56:41 -0400] "GET /robots.txt HTTP/1.1" 404 1364 poeticjustice.us "-" "Mozilla/5.0 (compatible; MJ12bot/v1.4.8; http://mj12bot.com/)" "-"
148.251.244.0 - - [10/Aug/2020:01:56:43 -0400] "GET /pages/image265.html HTTP/1.1" 200 1138 poeticjustice.us "-" "Mozilla/5.0 (compatible; MJ12bot/v1.4.8; http://mj12bot.com/)" "-"
148.251.244.0 - - [10/Aug/2020:01:56:44 -0400] "GET /pages/image82.html HTTP/1.1" 200 1132 poeticjustice.us "-" "Mozilla/5.0 (compatible; MJ12bot/v1.4.8; http://mj12bot.com/)" "-"
148.251.244.0 - - [10/Aug/2020:01:56:46 -0400] "GET /pages/image96.html HTTP/1.1" 200 1132 poeticjustice.us "-" "Mozilla/5.0 (compatible; MJ12bot/v1.4.8; http://mj12bot.com/)" "-"
17.58.98.0 - - [10/Aug/2020:01:58:36 -0400] "GET /robots.txt HTTP/1.1" 404 1364 www.joaquinmiller.com "-" "Mozilla/5.0 (Macintosh; Intel Mac OS X 10_15_5) AppleWebKit/605.1.15 (KHTML, like Gecko) Version/13.1.1 Safari/605.1.15 (Applebot/0.1; +http://www.apple.com/go/applebot)" "-"
17.58.96.0 - - [10/Aug/2020:01:58:36 -0400] "GET /years/1862.html HTTP/1.1" 200 29517 www.joaquinmiller.com "-" "Mozilla/5.0 (Macintosh; Intel Mac OS X 10_15_5) AppleWebKit/605.1.15 (KHTML, like Gecko) Version/13.1.1 Safari/605.1.15 (Applebot/0.1; +http://www.apple.com/go/applebot)" "-"
46.229.168.0 - - [10/Aug/2020:02:04:33 -0400] "GET /pages/image286.html HTTP/1.1" 200 1138 joaquinmiller.com "-" "Mozilla/5.0 (compatible; SemrushBot/6~bl; +http://www.semrush.com/bot.html)" "-"
46.229.168.0 - - [10/Aug/2020:02:11:17 -0400] "GET /images2.html HTTP/1.1" 200 22810 www.joaquinmiller.com "-" "Mozilla/5.0 (compatible; SemrushBot/6~bl; +http://www.semrush.com/bot.html)" "-"
46.229.168.0 - - [10/Aug/2020:02:16:29 -0400] "GET /pages/image298.html HTTP/1.1" 200 1138 joaquinmiller.com "-" "Mozilla/5.0 (compatible; SemrushBot/6~bl; +http://www.semrush.com/bot.html)" "-"
46.229.168.0 - - [10/Aug/2020:02:17:02 -0400] "GET /images10.html HTTP/1.1" 200 20914 joaquinmiller.com "-" "Mozilla/5.0 (compatible; SemrushBot/6~bl; +http://www.semrush.com/bot.html)" "-"
46.229.168.0 - - [10/Aug/2020:02:17:26 -0400] "GET /pages/image124.html HTTP/1.1" 200 1136 joaquinmiller.com "-" "Mozilla/5.0 (compatible; SemrushBot/6~bl; +http://www.semrush.com/bot.html)" "-"
114.119.165.0 - - [10/Aug/2020:02:22:35 -0400] "GET /years/1906.html HTTP/1.1" 200 22987 joaquinmiller.com "-" "Mozilla/5.0 (Linux; Android 7.0;) AppleWebKit/537.36 (KHTML, like Gecko) Mobile Safari/537.36 (compatible; PetalBot;+https://aspiegel.com/petalbot)" "-"
46.229.168.0 - - [10/Aug/2020:02:24:21 -0400] "GET /robots.txt HTTP/1.1" 404 1364 www.joaquinmiller.com "-" "Mozilla/5.0 (compatible; SemrushBot/6~bl; +http://www.semrush.com/bot.html)" "-"
46.229.168.0 - - [10/Aug/2020:02:24:21 -0400] "GET /pages/image181.html HTTP/1.1" 200 1136 www.joaquinmiller.com "-" "Mozilla/5.0 (compatible; SemrushBot/6~bl; +http://www.semrush.com/bot.html)" "-"
216.244.66.0 - - [10/Aug/2020:02:29:39 -0400] "GET /robots.txt HTTP/1.1" 403 1364 poeticjustice.us "-" "Mozilla/5.0 (compatible; DotBot/1.1; http://www.opensiteexplorer.org/dotbot, help@moz.com)" "-"
216.244.66.0 - - [10/Aug/2020:02:30:53 -0400] "GET /timeline.html HTTP/1.1" 403 1364 poeticjustice.us "-" "Mozilla/5.0 (compatible; DotBot/1.1; http://www.opensiteexplorer.org/dotbot, help@moz.com)" "-"
54.36.149.0 - - [10/Aug/2020:02:32:03 -0400] "GET /pages/image29.html HTTP/1.1" 200 1132 joaquinmiller.com "-" "Mozilla/5.0 (compatible; AhrefsBot/6.1; +http://ahrefs.com/robot/)" "-"
46.229.168.0 - - [10/Aug/2020:02:34:31 -0400] "GET /pages/image166.html HTTP/1.1" 200 1136 www.joaquinmiller.com "-" "Mozilla/5.0 (compatible; SemrushBot/6~bl; +http://www.semrush.com/bot.html)" "-"
46.229.168.0 - - [10/Aug/2020:02:37:56 -0400] "GET /pages/image282.html HTTP/1.1" 200 1138 joaquinmiller.com "-" "Mozilla/5.0 (compatible; SemrushBot/6~bl; +http://www.semrush.com/bot.html)" "-"
46.229.168.0 - - [10/Aug/2020:02:47:53 -0400] "GET /pages/image45.html HTTP/1.1" 200 1132 www.joaquinmiller.com "-" "Mozilla/5.0 (compatible; SemrushBot/6~bl; +http://www.semrush.com/bot.html)" "-"
207.46.13.0 - - [10/Aug/2020:02:49:15 -0400] "GET /pages/image70.html HTTP/1.1" 200 1132 joaquinmiller.com "-" "Mozilla/5.0 (compatible; bingbot/2.0; +http://www.bing.com/bingbot.htm)" "-"
2.47.39.0 - - [10/Aug/2020:02:50:05 -0400] "GET / HTTP/1.1" 200 18173 joaquinmiller.com "-" "-" "-"
46.229.168.0 - - [10/Aug/2020:02:53:59 -0400] "GET /robots.txt HTTP/1.1" 404 1364 joaquinmiller.com "-" "Mozilla/5.0 (compatible; SemrushBot/6~bl; +http://www.semrush.com/bot.html)" "-"
46.229.168.0 - - [10/Aug/2020:02:54:00 -0400] "GET /pages/image195.html HTTP/1.1" 200 1136 joaquinmiller.com "-" "Mozilla/5.0 (compatible; SemrushBot/6~bl; +http://www.semrush.com/bot.html)" "-"
46.229.168.0 - - [10/Aug/2020:03:02:35 -0400] "GET /pages/image18.html HTTP/1.1" 200 1130 www.joaquinmiller.com "-" "Mozilla/5.0 (compatible; SemrushBot/6~bl; +http://www.semrush.com/bot.html)" "-"
114.119.162.0 - - [10/Aug/2020:03:04:05 -0400] "GET /robots.txt HTTP/1.1" 404 1364 joaquinmiller.com "-" "(compatible;PetalBot;+https://aspiegel.com/petalbot)" "-"
88.214.1.0 - - [10/Aug/2020:03:05:51 -0400] "GET / HTTP/1.1" 200 18173 joaquinmiller.com "-" "Mozilla/5.0 (Macintosh; Intel Mac OS X 10_12_5) AppleWebKit/537.36 (KHTML, like Gecko) Chrome/58.0.3029.110 Safari/537.36" "-"
114.119.160.0 - - [10/Aug/2020:03:18:32 -0400] "GET /years/1969.html HTTP/1.1" 200 14886 www.joaquinmiller.com "-" "Mozilla/5.0 (Linux; Android 7.0;) AppleWebKit/537.36 (KHTML, like Gecko) Mobile Safari/537.36 (compatible; PetalBot;+https://aspiegel.com/petalbot)" "-"
46.229.168.0 - - [10/Aug/2020:03:19:08 -0400] "GET /pages/image216.html HTTP/1.1" 200 1136 joaquinmiller.com "-" "Mozilla/5.0 (compatible; SemrushBot/6~bl; +http://www.semrush.com/bot.html)" "-"
54.36.148.0 - - [10/Aug/2020:03:20:41 -0400] "GET /years/1946.html HTTP/1.1" 200 17917 www.joaquinmiller.com "-" "Mozilla/5.0 (compatible; AhrefsBot/6.1; +http://ahrefs.com/robot/)" "-"
114.119.164.0 - - [10/Aug/2020:03:23:42 -0400] "GET /thumbnails/Joaquin%20Miller%20pics.269.jpg HTTP/1.1" 200 9212 www.joaquinmiller.com "-" "Mozilla/5.0 (Linux; Android 7.0;) AppleWebKit/537.36 (KHTML, like Gecko) Mobile Safari/537.36 (compatible; PetalBot;+https://aspiegel.com/petalbot)" "-"
46.229.168.0 - - [10/Aug/2020:03:25:58 -0400] "GET /pages/image72.html HTTP/1.1" 200 1132 joaquinmiller.com "-" "Mozilla/5.0 (compatible; SemrushBot/6~bl; +http://www.semrush.com/bot.html)" "-"
46.229.168.0 - - [10/Aug/2020:03:26:46 -0400] "GET /robots.txt HTTP/1.1" 404 1364 www.joaquinmiller.com "-" "Mozilla/5.0 (compatible; SemrushBot/6~bl; +http://www.semrush.com/bot.html)" "-"
46.229.168.0 - - [10/Aug/2020:03:26:46 -0400] "GET /pages/image4.html HTTP/1.1" 200 1126 www.joaquinmiller.com "-" "Mozilla/5.0 (compatible; SemrushBot/6~bl; +http://www.semrush.com/bot.html)" "-"
114.119.165.0 - - [10/Aug/2020:03:31:43 -0400] "GET /thumbnails/Joaquin%20Miller%20pics.170.jpg HTTP/1.1" 200 8581 joaquinmiller.com "-" "Mozilla/5.0 (Linux; Android 7.0;) AppleWebKit/537.36 (KHTML, like Gecko) Mobile Safari/537.36 (compatible; PetalBot;+https://aspiegel.com/petalbot)" "-"
46.229.168.0 - - [10/Aug/2020:03:32:59 -0400] "GET /pages/image57.html HTTP/1.1" 200 1132 www.joaquinmiller.com "-" "Mozilla/5.0 (compatible; SemrushBot/6~bl; +http://www.semrush.com/bot.html)" "-"
46.229.168.0 - - [10/Aug/2020:03:34:31 -0400] "GET /pages/image112.html HTTP/1.1" 200 1136 www.joaquinmiller.com "-" "Mozilla/5.0 (compatible; SemrushBot/6~bl; +http://www.semrush.com/bot.html)" "-"
46.229.168.0 - - [10/Aug/2020:03:34:54 -0400] "GET /pages/image64.html HTTP/1.1" 200 1132 www.joaquinmiller.com "-" "Mozilla/5.0 (compatible; SemrushBot/6~bl; +http://www.semrush.com/bot.html)" "-"
46.229.168.0 - - [10/Aug/2020:03:35:19 -0400] "GET /images4.html HTTP/1.1" 200 22456 joaquinmiller.com "-" "Mozilla/5.0 (compatible; SemrushBot/6~bl; +http://www.semrush.com/bot.html)" "-"
46.229.168.0 - - [10/Aug/2020:03:41:00 -0400] "GET /pages/image278.html HTTP/1.1" 200 1138 www.joaquinmiller.com "-" "Mozilla/5.0 (compatible; SemrushBot/6~bl; +http://www.semrush.com/bot.html)" "-"
114.119.164.0 - - [10/Aug/2020:03:46:14 -0400] "GET /pages/image1.html HTTP/1.1" 200 1091 www.joaquinmiller.com "-" "Mozilla/5.0 (Linux; Android 7.0;) AppleWebKit/537.36 (KHTML, like Gecko) Mobile Safari/537.36 (compatible; PetalBot;+https://aspiegel.com/petalbot)" "-"
46.229.168.0 - - [10/Aug/2020:03:49:23 -0400] "GET /pages/image65.html HTTP/1.1" 200 1132 www.joaquinmiller.com "-" "Mozilla/5.0 (compatible; SemrushBot/6~bl; +http://www.semrush.com/bot.html)" "-"
46.229.168.0 - - [10/Aug/2020:03:52:39 -0400] "GET /pages/image210.html HTTP/1.1" 200 1136 joaquinmiller.com "-" "Mozilla/5.0 (compatible; SemrushBot/6~bl; +http://www.semrush.com/bot.html)" "-"
46.229.168.0 - - [10/Aug/2020:03:53:20 -0400] "GET /pages/image268.html HTTP/1.1" 200 1138 joaquinmiller.com "-" "Mozilla/5.0 (compatible; SemrushBot/6~bl; +http://www.semrush.com/bot.html)" "-"
77.88.5.0 - - [10/Aug/2020:03:54:45 -0400] "GET /robots.txt HTTP/1.1" 404 1364 poeticjustice.us "-" "Mozilla/5.0 (compatible; YandexBot/3.0; +http://yandex.com/bots)" "-"
77.88.5.0 - - [10/Aug/2020:03:54:49 -0400] "GET /pages/image115.html HTTP/1.1" 200 1136 poeticjustice.us "-" "Mozilla/5.0 (compatible; YandexBot/3.0; +http://yandex.com/bots)" "-"
192.99.15.0 - - [10/Aug/2020:03:55:44 -0400] "GET /wp-login.php HTTP/1.1" 404 1364 joaquinmiller.com "-" "Mozilla/5.0 (Windows NT 10.0; WOW64) AppleWebKit/537.36 (KHTML, like Gecko) Chrome/46.0.2490.80 Safari/537.36" "-"
192.99.15.0 - - [10/Aug/2020:03:56:07 -0400] "GET /robots.txt HTTP/1.1" 404 1364 joaquinmiller.com "-" "Mozilla/5.0 (Windows NT 10.0; WOW64) AppleWebKit/537.36 (KHTML, like Gecko) Chrome/46.0.2490.80 Safari/537.36" "-"
5.102.173.0 - - [10/Aug/2020:03:56:11 -0400] "GET /robots.txt HTTP/1.1" 404 1364 www.joaquinmiller.com "-" "Mozilla/5.0 (compatible; MojeekBot/0.9; +https://www.mojeek.com/bot.html)" "-"
5.102.173.0 - - [10/Aug/2020:03:56:11 -0400] "GET /pages/image157.html HTTP/1.1" 200 1136 www.joaquinmiller.com "-" "Mozilla/5.0 (compatible; MojeekBot/0.9; +https://www.mojeek.com/bot.html)" "-"
46.229.168.0 - - [10/Aug/2020:03:56:48 -0400] "GET /robots.txt HTTP/1.1" 404 1364 joaquinmiller.com "-" "Mozilla/5.0 (compatible; SemrushBot/6~bl; +http://www.semrush.com/bot.html)" "-"
46.229.168.0 - - [10/Aug/2020:03:56:48 -0400] "GET /pages/image57.html HTTP/1.1" 200 1132 joaquinmiller.com "-" "Mozilla/5.0 (compatible; SemrushBot/6~bl; +http://www.semrush.com/bot.html)" "-"
114.119.165.0 - - [10/Aug/2020:04:00:00 -0400] "GET /pages/image205.html HTTP/1.1" 200 1136 www.joaquinmiller.com "-" "Mozilla/5.0 (Linux; Android 7.0;) AppleWebKit/537.36 (KHTML, like Gecko) Mobile Safari/537.36 (compatible; PetalBot;+https://aspiegel.com/petalbot)" "-"
46.229.168.0 - - [10/Aug/2020:04:05:07 -0400] "GET /pages/image213.html HTTP/1.1" 200 1136 www.joaquinmiller.com "-" "Mozilla/5.0 (compatible; SemrushBot/6~bl; +http://www.semrush.com/bot.html)" "-"
114.119.161.0 - - [10/Aug/2020:04:05:12 -0400] "GET /pages/image55.html HTTP/1.1" 200 1132 www.joaquinmiller.com "-" "Mozilla/5.0 (Linux; Android 7.0;) AppleWebKit/537.36 (KHTML, like Gecko) Mobile Safari/537.36 (compatible; PetalBot;+https://aspiegel.com/petalbot)" "-"
54.36.148.0 - - [10/Aug/2020:04:08:07 -0400] "GET /years/1947.html HTTP/1.1" 200 18654 www.joaquinmiller.com "-" "Mozilla/5.0 (compatible; AhrefsBot/6.1; +http://ahrefs.com/robot/)" "-"
46.229.168.0 - - [10/Aug/2020:04:09:09 -0400] "GET /pages/image280.html HTTP/1.1" 200 1138 joaquinmiller.com "-" "Mozilla/5.0 (compatible; SemrushBot/6~bl; +http://www.semrush.com/bot.html)" "-"
46.229.168.0 - - [10/Aug/2020:04:09:33 -0400] "GET /pages/image50.html HTTP/1.1" 200 1132 joaquinmiller.com "-" "Mozilla/5.0 (compatible; SemrushBot/6~bl; +http://www.semrush.com/bot.html)" "-"
114.119.165.0 - - [10/Aug/2020:04:10:20 -0400] "GET /thumbnails/Joaquin%20Miller%20pics.014.jpg HTTP/1.1" 200 7111 joaquinmiller.com "-" "Mozilla/5.0 (Linux; Android 7.0;) AppleWebKit/537.36 (KHTML, like Gecko) Mobile Safari/537.36 (compatible; PetalBot;+https://aspiegel.com/petalbot)" "-"
46.229.168.0 - - [10/Aug/2020:04:16:19 -0400] "GET /pages/image26.html HTTP/1.1" 200 1132 joaquinmiller.com "-" "Mozilla/5.0 (compatible; SemrushBot/6~bl; +http://www.semrush.com/bot.html)" "-"
207.46.13.0 - - [10/Aug/2020:04:21:15 -0400] "GET /years/2001.html HTTP/1.1" 200 16024 www.joaquinmiller.com "-" "Mozilla/5.0 (compatible; bingbot/2.0; +http://www.bing.com/bingbot.htm)" "-"
46.229.168.0 - - [10/Aug/2020:04:21:20 -0400] "GET /pages/image166.html HTTP/1.1" 200 1136 joaquinmiller.com "-" "Mozilla/5.0 (compatible; SemrushBot/6~bl; +http://www.semrush.com/bot.html)" "-"
46.229.168.0 - - [10/Aug/2020:04:23:01 -0400] "GET /pages/image224.html HTTP/1.1" 200 1136 joaquinmiller.com "-" "Mozilla/5.0 (compatible; SemrushBot/6~bl; +http://www.semrush.com/bot.html)" "-"
5.102.173.0 - - [10/Aug/2020:04:28:27 -0400] "GET /robots.txt HTTP/1.1" 404 1364 www.joaquinmiller.com "-" "Mozilla/5.0 (compatible; MojeekBot/0.9; +https://www.mojeek.com/bot.html)" "-"
5.102.173.0 - - [10/Aug/2020:04:28:27 -0400] "GET /pages/image158.html HTTP/1.1" 200 1136 www.joaquinmiller.com "-" "Mozilla/5.0 (compatible; MojeekBot/0.9; +https://www.mojeek.com/bot.html)" "-"
46.229.168.0 - - [10/Aug/2020:04:31:39 -0400] "GET /pages/image73.html HTTP/1.1" 200 1132 joaquinmiller.com "-" "Mozilla/5.0 (compatible; SemrushBot/6~bl; +http://www.semrush.com/bot.html)" "-"
46.229.168.0 - - [10/Aug/2020:04:32:36 -0400] "GET /robots.txt HTTP/1.1" 404 1364 www.joaquinmiller.com "-" "Mozilla/5.0 (compatible; SemrushBot/6~bl; +http://www.semrush.com/bot.html)" "-"
46.229.168.0 - - [10/Aug/2020:04:32:37 -0400] "GET /pages/image199.html HTTP/1.1" 200 1136 www.joaquinmiller.com "-" "Mozilla/5.0 (compatible; SemrushBot/6~bl; +http://www.semrush.com/bot.html)" "-"
43.241.131.0 - - [10/Aug/2020:04:38:33 -0400] "GET / HTTP/1.1" 200 18173 joaquinmiller.com "http://anti-crisis-seo.com" "Mozilla/5.0 (Windows NT 10.0; Win64; x64) AppleWebKit/537.36 (KHTML, like Gecko) Chrome/74.0.3729.169 Safari/537.36" "-"
43.241.131.0 - - [10/Aug/2020:04:38:33 -0400] "GET /css/jmiller.css HTTP/1.1" 200 2141 joaquinmiller.com "http://joaquinmiller.com/" "Mozilla/5.0 (Windows NT 10.0; Win64; x64) AppleWebKit/537.36 (KHTML, like Gecko) Chrome/74.0.3729.169 Safari/537.36" "-"
114.119.160.0 - - [10/Aug/2020:04:41:15 -0400] "GET /years/1887.html HTTP/1.1" 200 26575 www.joaquinmiller.com "-" "Mozilla/5.0 (Linux; Android 7.0;) AppleWebKit/537.36 (KHTML, like Gecko) Mobile Safari/537.36 (compatible; PetalBot;+https://aspiegel.com/petalbot)" "-"
151.11.49.0 - - [10/Aug/2020:04:51:11 -0400] "GET / HTTP/1.1" 200 18173 joaquinmiller.com "joaquinmiller.com" "Mozilla/5.0 (Windows; U; Windows NT 5.1; en-US) AppleWebKit/533.4 (KHTML, like Gecko) Chrome/5.0.375.99 Safari/533.4" "-"
151.11.49.0 - - [10/Aug/2020:04:51:23 -0400] "GET / HTTP/1.1" 200 18173 joaquinmiller.com "joaquinmiller.com" "Mozilla/5.0 (Windows; U; Windows NT 5.1; en-US) AppleWebKit/533.4 (KHTML, like Gecko) Chrome/5.0.375.99 Safari/533.4" "-"
114.119.165.0 - - [10/Aug/2020:04:51:29 -0400] "GET /timeline.html HTTP/1.1" 200 12387 www.joaquinmiller.com "-" "Mozilla/5.0 (Linux; Android 7.0;) AppleWebKit/537.36 (KHTML, like Gecko) Mobile Safari/537.36 (compatible; PetalBot;+https://aspiegel.com/petalbot)" "-"
151.11.49.0 - - [10/Aug/2020:04:51:57 -0400] "GET / HTTP/1.1" 200 18173 joaquinmiller.com "joaquinmiller.com" "Mozilla/5.0 (Windows; U; Windows NT 5.1; en-US) AppleWebKit/533.4 (KHTML, like Gecko) Chrome/5.0.375.99 Safari/533.4" "-"
54.36.149.0 - - [10/Aug/2020:04:53:31 -0400] "GET /years/1906.html HTTP/1.1" 200 22987 joaquinmiller.com "-" "Mozilla/5.0 (compatible; AhrefsBot/6.1; +http://ahrefs.com/robot/)" "-"
114.119.165.0 - - [10/Aug/2020:04:56:43 -0400] "GET /years/1890.html HTTP/1.1" 200 22924 joaquinmiller.com "-" "Mozilla/5.0 (Linux; Android 7.0;) AppleWebKit/537.36 (KHTML, like Gecko) Mobile Safari/537.36 (compatible; PetalBot;+https://aspiegel.com/petalbot)" "-"
46.229.168.0 - - [10/Aug/2020:05:01:53 -0400] "GET /images10.html HTTP/1.1" 200 20914 www.joaquinmiller.com "-" "Mozilla/5.0 (compatible; SemrushBot/6~bl; +http://www.semrush.com/bot.html)" "-"
114.119.161.0 - - [10/Aug/2020:05:03:46 -0400] "GET /thumbnails/Joaquin%20Miller%20pics.046.jpg HTTP/1.1" 200 7466 joaquinmiller.com "-" "Mozilla/5.0 (Linux; Android 7.0;) AppleWebKit/537.36 (KHTML, like Gecko) Mobile Safari/537.36 (compatible; PetalBot;+https://aspiegel.com/petalbot)" "-"
157.55.39.0 - - [10/Aug/2020:05:10:55 -0400] "GET /images6.html HTTP/1.1" 200 21692 www.joaquinmiller.com "-" "Mozilla/5.0 (compatible; bingbot/2.0; +http://www.bing.com/bingbot.htm)" "-"
46.229.168.0 - - [10/Aug/2020:05:14:27 -0400] "GET /robots.txt HTTP/1.1" 404 1364 joaquinmiller.com "-" "Mozilla/5.0 (compatible; SemrushBot/6~bl; +http://www.semrush.com/bot.html)" "-"
46.229.168.0 - - [10/Aug/2020:05:14:28 -0400] "GET /pages/image163.html HTTP/1.1" 200 1136 joaquinmiller.com "-" "Mozilla/5.0 (compatible; SemrushBot/6~bl; +http://www.semrush.com/bot.html)" "-"
17.58.96.0 - - [10/Aug/2020:05:14:36 -0400] "GET /years/1914.html HTTP/1.1" 200 25186 www.joaquinmiller.com "-" "Mozilla/5.0 (Macintosh; Intel Mac OS X 10_15_5) AppleWebKit/605.1.15 (KHTML, like Gecko) Version/13.1.1 Safari/605.1.15 (Applebot/0.1; +http://www.apple.com/go/applebot)" "-"
216.244.66.0 - - [10/Aug/2020:05:15:25 -0400] "GET /newsletters.html HTTP/1.1" 403 1364 poeticjustice.us "-" "Mozilla/5.0 (compatible; DotBot/1.1; http://www.opensiteexplorer.org/dotbot, help@moz.com)" "-"
46.229.168.0 - - [10/Aug/2020:05:20:27 -0400] "GET /years/1863.html HTTP/1.1" 200 21219 joaquinmiller.com "-" "Mozilla/5.0 (compatible; SemrushBot/6~bl; +http://www.semrush.com/bot.html)" "-"
157.55.39.0 - - [10/Aug/2020:05:22:01 -0400] "GET /robots.txt HTTP/1.1" 404 1364 www.joaquinmiller.com "-" "Mozilla/5.0 (compatible; bingbot/2.0; +http://www.bing.com/bingbot.htm)" "-"
46.229.168.0 - - [10/Aug/2020:05:23:05 -0400] "GET /pages/image29.html HTTP/1.1" 200 1132 joaquinmiller.com "-" "Mozilla/5.0 (compatible; SemrushBot/6~bl; +http://www.semrush.com/bot.html)" "-"
207.46.13.0 - - [10/Aug/2020:05:23:22 -0400] "GET /years/1881.html HTTP/1.1" 200 24298 www.joaquinmiller.com "-" "Mozilla/5.0 (compatible; bingbot/2.0; +http://www.bing.com/bingbot.htm)" "-"
46.229.168.0 - - [10/Aug/2020:05:24:43 -0400] "GET /pages/image219.html HTTP/1.1" 200 1136 www.joaquinmiller.com "-" "Mozilla/5.0 (compatible; SemrushBot/6~bl; +http://www.semrush.com/bot.html)" "-"
5.102.173.0 - - [10/Aug/2020:05:25:44 -0400] "GET /robots.txt HTTP/1.1" 404 1364 www.joaquinmiller.com "-" "Mozilla/5.0 (compatible; MojeekBot/0.9; +https://www.mojeek.com/bot.html)" "-"
5.102.173.0 - - [10/Aug/2020:05:25:44 -0400] "GET /pages/image161.html HTTP/1.1" 200 1136 www.joaquinmiller.com "-" "Mozilla/5.0 (compatible; MojeekBot/0.9; +https://www.mojeek.com/bot.html)" "-"
114.119.165.0 - - [10/Aug/2020:05:30:40 -0400] "GET /thumbnails/Joaquin%20Miller%20pics.041.jpg HTTP/1.1" 200 7019 joaquinmiller.com "-" "Mozilla/5.0 (Linux; Android 7.0;) AppleWebKit/537.36 (KHTML, like Gecko) Mobile Safari/537.36 (compatible; PetalBot;+https://aspiegel.com/petalbot)" "-"
46.229.168.0 - - [10/Aug/2020:05:31:20 -0400] "GET /images4.html HTTP/1.1" 200 22456 www.joaquinmiller.com "-" "Mozilla/5.0 (compatible; SemrushBot/6~bl; +http://www.semrush.com/bot.html)" "-"
46.229.168.0 - - [10/Aug/2020:05:33:07 -0400] "GET /robots.txt HTTP/1.1" 404 1364 www.joaquinmiller.com "-" "Mozilla/5.0 (compatible; SemrushBot/6~bl; +http://www.semrush.com/bot.html)" "-"
46.229.168.0 - - [10/Aug/2020:05:33:08 -0400] "GET /pages/image192.html HTTP/1.1" 200 1136 www.joaquinmiller.com "-" "Mozilla/5.0 (compatible; SemrushBot/6~bl; +http://www.semrush.com/bot.html)" "-"
114.119.164.0 - - [10/Aug/2020:05:35:53 -0400] "GET /pages/image203.html HTTP/1.1" 200 1136 www.joaquinmiller.com "-" "Mozilla/5.0 (Linux; Android 7.0;) AppleWebKit/537.36 (KHTML, like Gecko) Mobile Safari/537.36 (compatible; PetalBot;+https://aspiegel.com/petalbot)" "-"
46.229.168.0 - - [10/Aug/2020:05:37:53 -0400] "GET /pages/image188.html HTTP/1.1" 200 1136 www.joaquinmiller.com "-" "Mozilla/5.0 (compatible; SemrushBot/6~bl; +http://www.semrush.com/bot.html)" "-"
46.229.168.0 - - [10/Aug/2020:05:38:37 -0400] "GET /pages/image218.html HTTP/1.1" 200 1136 www.joaquinmiller.com "-" "Mozilla/5.0 (compatible; SemrushBot/6~bl; +http://www.semrush.com/bot.html)" "-"
114.119.163.0 - - [10/Aug/2020:05:41:07 -0400] "GET /years/2006.html HTTP/1.1" 200 14875 www.joaquinmiller.com "-" "Mozilla/5.0 (Linux; Android 7.0;) AppleWebKit/537.36 (KHTML, like Gecko) Mobile Safari/537.36 (compatible; PetalBot;+https://aspiegel.com/petalbot)" "-"
114.119.164.0 - - [10/Aug/2020:05:50:20 -0400] "GET /thumbnails/Joaquin%20Miller%20pics.193.jpg HTTP/1.1" 200 7231 www.joaquinmiller.com "-" "Mozilla/5.0 (Linux; Android 7.0;) AppleWebKit/537.36 (KHTML, like Gecko) Mobile Safari/537.36 (compatible; PetalBot;+https://aspiegel.com/petalbot)" "-"
52.254.50.0 - - [10/Aug/2020:05:54:00 -0400] "GET /.env HTTP/1.1" 300 436 joaquinmiller.com "-" "Mozilla/5.0 (X11; Linux x86_64) AppleWebKit/537.36 (KHTML, like Gecko) Chrome/81.0.4044.129 Safari/537.36" "-"
52.254.50.0 - - [10/Aug/2020:05:54:05 -0400] "POST / HTTP/1.1" 200 18173 joaquinmiller.com "-" "Mozilla/5.0 (X11; Linux x86_64) AppleWebKit/537.36 (KHTML, like Gecko) Chrome/81.0.4044.129 Safari/537.36" "-"
114.119.165.0 - - [10/Aug/2020:05:55:31 -0400] "GET /thumbnails/Joaquin%20Miller%20pics.285.jpg HTTP/1.1" 200 8888 www.joaquinmiller.com "-" "Mozilla/5.0 (Linux; Android 7.0;) AppleWebKit/537.36 (KHTML, like Gecko) Mobile Safari/537.36 (compatible; PetalBot;+https://aspiegel.com/petalbot)" "-"
46.229.168.0 - - [10/Aug/2020:05:55:48 -0400] "GET /pages/image212.html HTTP/1.1" 200 1136 www.joaquinmiller.com "-" "Mozilla/5.0 (compatible; SemrushBot/6~bl; +http://www.semrush.com/bot.html)" "-"
114.119.165.0 - - [10/Aug/2020:06:00:42 -0400] "GET /pages/image194.html HTTP/1.1" 200 1136 www.joaquinmiller.com "-" "Mozilla/5.0 (Linux; Android 7.0;) AppleWebKit/537.36 (KHTML, like Gecko) Mobile Safari/537.36 (compatible; PetalBot;+https://aspiegel.com/petalbot)" "-"
46.229.168.0 - - [10/Aug/2020:06:09:48 -0400] "GET /pages/image257.html HTTP/1.1" 200 1138 joaquinmiller.com "-" "Mozilla/5.0 (compatible; SemrushBot/6~bl; +http://www.semrush.com/bot.html)" "-"
46.229.168.0 - - [10/Aug/2020:06:12:18 -0400] "GET /pages/image228.html HTTP/1.1" 200 1136 joaquinmiller.com "-" "Mozilla/5.0 (compatible; SemrushBot/6~bl; +http://www.semrush.com/bot.html)" "-"
66.249.73.0 - - [10/Aug/2020:06:12:41 -0400] "GET /years/1990.html HTTP/1.1" 200 14665 www.joaquinmiller.com "-" "Mozilla/5.0 (Linux; Android 6.0.1; Nexus 5X Build/MMB29P) AppleWebKit/537.36 (KHTML, like Gecko) Chrome/80.0.3987.92 Mobile Safari/537.36 (compatible; Googlebot/2.1; +http://www.google.com/bot.html)" "-"
46.229.168.0 - - [10/Aug/2020:06:18:27 -0400] "GET /pages/image2.html HTTP/1.1" 200 1098 www.joaquinmiller.com "-" "Mozilla/5.0 (compatible; SemrushBot/6~bl; +http://www.semrush.com/bot.html)" "-"
184.154.139.0 - - [10/Aug/2020:06:19:33 -0400] "GET / HTTP/1.1" 200 18173 www.joaquinmiller.com "http://www.google.com/url?url=www.joaquinmiller.com&yahoo.com" "Mozilla/5.0 (compatible; MSIE 9.0; Windows NT 6.1; WOW64; Trident/6.0)" "-"
184.154.139.0 - - [10/Aug/2020:06:19:34 -0400] "GET /th1s_1s_a_4o4.html HTTP/1.1" 404 1364 www.joaquinmiller.com "http://www.google.com/url?url=www.joaquinmiller.com&yahoo.com" "Mozilla/5.0 (compatible; MSIE 9.0; Windows NT 6.1; WOW64; Trident/6.0)" "-"
184.154.139.0 - - [10/Aug/2020:06:19:35 -0400] "GET /years/1939.html HTTP/1.1" 200 20461 www.joaquinmiller.com "http://www.google.com/url?url=www.joaquinmiller.com&yahoo.com" "Mozilla/5.0 (compatible; MSIE 9.0; Windows NT 6.1; WOW64; Trident/6.0)" "-"
184.154.139.0 - - [10/Aug/2020:06:19:35 -0400] "GET /years/1891.html HTTP/1.1" 200 18774 www.joaquinmiller.com "-" "SiteLockSpider [en] (WinNT; I ;Nav)" "-"
184.154.139.0 - - [10/Aug/2020:06:19:35 -0400] "GET /years/1905.html HTTP/1.1" 200 20830 www.joaquinmiller.com "-" "SiteLockSpider [en] (WinNT; I ;Nav)" "-"
184.154.139.0 - - [10/Aug/2020:06:19:35 -0400] "GET /years/1906.html HTTP/1.1" 200 22987 www.joaquinmiller.com "-" "SiteLockSpider [en] (WinNT; I ;Nav)" "-"
184.154.139.0 - - [10/Aug/2020:06:19:35 -0400] "GET /years/1884.html HTTP/1.1" 200 28545 www.joaquinmiller.com "-" "SiteLockSpider [en] (WinNT; I ;Nav)" "-"
184.154.139.0 - - [10/Aug/2020:06:19:36 -0400] "GET /years/1931.html HTTP/1.1" 200 22233 www.joaquinmiller.com "-" "SiteLockSpider [en] (WinNT; I ;Nav)" "-"
184.154.139.0 - - [10/Aug/2020:06:19:36 -0400] "GET /years/1862.html HTTP/1.1" 200 29517 www.joaquinmiller.com "-" "SiteLockSpider [en] (WinNT; I ;Nav)" "-"
184.154.139.0 - - [10/Aug/2020:06:19:36 -0400] "GET /preface.html HTTP/1.1" 200 15514 www.joaquinmiller.com "-" "SiteLockSpider [en] (WinNT; I ;Nav)" "-"
184.154.139.0 - - [10/Aug/2020:06:19:36 -0400] "GET /years/1986.html HTTP/1.1" 200 13289 www.joaquinmiller.com "-" "SiteLockSpider [en] (WinNT; I ;Nav)" "-"
184.154.139.0 - - [10/Aug/2020:06:19:36 -0400] "GET /years/1937.html HTTP/1.1" 200 16610 www.joaquinmiller.com "-" "SiteLockSpider [en] (WinNT; I ;Nav)" "-"
184.154.139.0 - - [10/Aug/2020:06:19:36 -0400] "GET /years/1976.html HTTP/1.1" 200 16646 www.joaquinmiller.com "-" "SiteLockSpider [en] (WinNT; I ;Nav)" "-"
184.154.139.0 - - [10/Aug/2020:06:19:37 -0400] "GET /years/1886.html HTTP/1.1" 200 32990 www.joaquinmiller.com "-" "SiteLockSpider [en] (WinNT; I ;Nav)" "-"
184.154.139.0 - - [10/Aug/2020:06:19:37 -0400] "GET /years/1883.html HTTP/1.1" 200 30381 www.joaquinmiller.com "-" "SiteLockSpider [en] (WinNT; I ;Nav)" "-"
184.154.139.0 - - [10/Aug/2020:06:19:37 -0400] "GET /years/1897.html HTTP/1.1" 200 26759 www.joaquinmiller.com "-" "SiteLockSpider [en] (WinNT; I ;Nav)" "-"
184.154.139.0 - - [10/Aug/2020:06:19:37 -0400] "GET /years/1991.html HTTP/1.1" 200 17601 www.joaquinmiller.com "-" "SiteLockSpider [en] (WinNT; I ;Nav)" "-"
184.154.139.0 - - [10/Aug/2020:06:19:37 -0400] "GET /years/1997.html HTTP/1.1" 200 20941 www.joaquinmiller.com "-" "SiteLockSpider [en] (WinNT; I ;Nav)" "-"
184.154.139.0 - - [10/Aug/2020:06:19:38 -0400] "GET /about.html HTTP/1.1" 200 14014 www.joaquinmiller.com "-" "SiteLockSpider [en] (WinNT; I ;Nav)" "-"
184.154.139.0 - - [10/Aug/2020:06:19:38 -0400] "GET /years/1971.html HTTP/1.1" 200 15468 www.joaquinmiller.com "-" "SiteLockSpider [en] (WinNT; I ;Nav)" "-"
184.154.139.0 - - [10/Aug/2020:06:19:38 -0400] "GET /years/1907.html HTTP/1.1" 200 25855 www.joaquinmiller.com "-" "SiteLockSpider [en] (WinNT; I ;Nav)" "-"
184.154.139.0 - - [10/Aug/2020:06:19:38 -0400] "GET /years/2006.html HTTP/1.1" 200 14875 www.joaquinmiller.com "-" "SiteLockSpider [en] (WinNT; I ;Nav)" "-"
114.119.164.0 - - [10/Aug/2020:06:20:03 -0400] "GET /pages/image236.html HTTP/1.1" 200 1136 www.joaquinmiller.com "-" "Mozilla/5.0 (Linux; Android 7.0;) AppleWebKit/537.36 (KHTML, like Gecko) Mobile Safari/537.36 (compatible; PetalBot;+https://aspiegel.com/petalbot)" "-"
46.229.168.0 - - [10/Aug/2020:06:22:56 -0400] "GET /pages/image73.html HTTP/1.1" 200 1132 www.joaquinmiller.com "-" "Mozilla/5.0 (compatible; SemrushBot/6~bl; +http://www.semrush.com/bot.html)" "-"
46.229.168.0 - - [10/Aug/2020:06:26:10 -0400] "GET /robots.txt HTTP/1.1" 404 1364 joaquinmiller.com "-" "Mozilla/5.0 (compatible; SemrushBot/6~bl; +http://www.semrush.com/bot.html)" "-"
46.229.168.0 - - [10/Aug/2020:06:26:10 -0400] "GET /pages/image192.html HTTP/1.1" 200 1136 joaquinmiller.com "-" "Mozilla/5.0 (compatible; SemrushBot/6~bl; +http://www.semrush.com/bot.html)" "-"
114.119.163.0 - - [10/Aug/2020:06:29:31 -0400] "GET /thumbnails/Joaquin%20Miller%20pics.067.jpg HTTP/1.1" 200 8835 joaquinmiller.com "-" "Mozilla/5.0 (Linux; Android 7.0;) AppleWebKit/537.36 (KHTML, like Gecko) Mobile Safari/537.36 (compatible; PetalBot;+https://aspiegel.com/petalbot)" "-"
46.229.168.0 - - [10/Aug/2020:06:38:45 -0400] "GET /pages/image109.html HTTP/1.1" 200 1136 joaquinmiller.com "-" "Mozilla/5.0 (compatible; SemrushBot/6~bl; +http://www.semrush.com/bot.html)" "-"
78.46.94.0 - - [10/Aug/2020:06:41:04 -0400] "GET /years/1899.html HTTP/1.1" 200 22304 joaquinmiller.com "-" "Mozilla/5.0 (Windows NT 10.0; Win64; x64) AppleWebKit/537.36 (KHTML, like Gecko) Chrome/63.0.3239.84 Safari/537.36" "-"
88.198.36.0 - - [10/Aug/2020:06:41:05 -0400] "GET /index.html HTTP/1.1" 200 18173 joaquinmiller.com "-" "Mozilla/5.0 (Windows NT 6.1; Win64; x64) AppleWebKit/537.36 (KHTML, like Gecko) Chrome/63.0.3239.132 Safari/537.36" "-"
88.198.36.0 - - [10/Aug/2020:06:41:14 -0400] "GET /index.html HTTP/1.1" 200 18173 joaquinmiller.com "-" "Mozilla/5.0 (Macintosh; Intel Mac OS X 10_12_6) AppleWebKit/537.36 (KHTML, like Gecko) Chrome/63.0.3239.132 Safari/537.36" "-"
114.119.165.0 - - [10/Aug/2020:06:50:37 -0400] "GET /thumbnails/Joaquin%20Miller%20pics.048.jpg HTTP/1.1" 200 8099 joaquinmiller.com "-" "Mozilla/5.0 (Linux; Android 7.0;) AppleWebKit/537.36 (KHTML, like Gecko) Mobile Safari/537.36 (compatible; PetalBot;+https://aspiegel.com/petalbot)" "-"
49.7.21.0 - - [10/Aug/2020:06:57:00 -0400] "GET /years/1957.html HTTP/1.1" 304 - www.joaquinmiller.com "-" "Sogou web spider/4.0(+http://www.sogou.com/docs/help/webmasters.htm#07)" "-"
54.36.148.0 - - [10/Aug/2020:06:59:06 -0400] "GET /robots.txt HTTP/1.1" 404 1364 poeticjustice.us "-" "Mozilla/5.0 (compatible; AhrefsBot/6.1; +http://ahrefs.com/robot/)" "-"
54.36.149.0 - - [10/Aug/2020:06:59:07 -0400] "GET /pages/image302.html HTTP/1.1" 200 1138 poeticjustice.us "-" "Mozilla/5.0 (compatible; AhrefsBot/6.1; +http://ahrefs.com/robot/)" "-"
49.7.21.0 - - [10/Aug/2020:07:03:42 -0400] "GET /years/1957.html HTTP/1.1" 304 - www.joaquinmiller.com "-" "Sogou web spider/4.0(+http://www.sogou.com/docs/help/webmasters.htm#07)" "-"
114.119.165.0 - - [10/Aug/2020:07:05:12 -0400] "GET /thumbnails/Joaquin%20Miller%20pics.078.jpg HTTP/1.1" 200 7995 joaquinmiller.com "-" "Mozilla/5.0 (Linux; Android 7.0;) AppleWebKit/537.36 (KHTML, like Gecko) Mobile Safari/537.36 (compatible; PetalBot;+https://aspiegel.com/petalbot)" "-"
114.119.160.0 - - [10/Aug/2020:07:10:22 -0400] "GET /years/1953.html HTTP/1.1" 200 18062 joaquinmiller.com "-" "Mozilla/5.0 (Linux; Android 7.0;) AppleWebKit/537.36 (KHTML, like Gecko) Mobile Safari/537.36 (compatible; PetalBot;+https://aspiegel.com/petalbot)" "-"
46.229.168.0 - - [10/Aug/2020:07:15:56 -0400] "GET /robots.txt HTTP/1.1" 404 1364 www.joaquinmiller.com "-" "Mozilla/5.0 (compatible; SemrushBot/6~bl; +http://www.semrush.com/bot.html)" "-"
46.229.168.0 - - [10/Aug/2020:07:16:00 -0400] "GET /pages/image42.html HTTP/1.1" 200 1132 www.joaquinmiller.com "-" "Mozilla/5.0 (compatible; SemrushBot/6~bl; +http://www.semrush.com/bot.html)" "-"
114.119.160.0 - - [10/Aug/2020:07:18:18 -0400] "GET /pages/image40.html HTTP/1.1" 200 1132 www.joaquinmiller.com "-" "Mozilla/5.0 (Linux; Android 7.0;) AppleWebKit/537.36 (KHTML, like Gecko) Mobile Safari/537.36 (compatible; PetalBot;+https://aspiegel.com/petalbot)" "-"
46.229.168.0 - - [10/Aug/2020:07:24:37 -0400] "GET /pages/image271.html HTTP/1.1" 200 1138 joaquinmiller.com "-" "Mozilla/5.0 (compatible; SemrushBot/6~bl; +http://www.semrush.com/bot.html)" "-"
46.229.168.0 - - [10/Aug/2020:07:27:04 -0400] "GET /pages/image132.html HTTP/1.1" 200 1136 www.joaquinmiller.com "-" "Mozilla/5.0 (compatible; SemrushBot/6~bl; +http://www.semrush.com/bot.html)" "-"
46.229.168.0 - - [10/Aug/2020:07:34:06 -0400] "GET /robots.txt HTTP/1.1" 404 1364 joaquinmiller.com "-" "Mozilla/5.0 (compatible; SemrushBot/6~bl; +http://www.semrush.com/bot.html)" "-"
46.229.168.0 - - [10/Aug/2020:07:34:06 -0400] "GET /images5.html HTTP/1.1" 200 23275 joaquinmiller.com "-" "Mozilla/5.0 (compatible; SemrushBot/6~bl; +http://www.semrush.com/bot.html)" "-"
46.229.168.0 - - [10/Aug/2020:07:35:07 -0400] "GET /pages/image104.html HTTP/1.1" 200 1136 www.joaquinmiller.com "-" "Mozilla/5.0 (compatible; SemrushBot/6~bl; +http://www.semrush.com/bot.html)" "-"
114.119.160.0 - - [10/Aug/2020:07:40:03 -0400] "GET /pages/image188.html HTTP/1.1" 200 1136 www.joaquinmiller.com "-" "Mozilla/5.0 (Linux; Android 7.0;) AppleWebKit/537.36 (KHTML, like Gecko) Mobile Safari/537.36 (compatible; PetalBot;+https://aspiegel.com/petalbot)" "-"
46.229.168.0 - - [10/Aug/2020:07:46:53 -0400] "GET /pages/image226.html HTTP/1.1" 200 1136 www.joaquinmiller.com "-" "Mozilla/5.0 (compatible; SemrushBot/6~bl; +http://www.semrush.com/bot.html)" "-"
77.88.5.0 - - [10/Aug/2020:07:46:57 -0400] "GET /robots.txt HTTP/1.1" 404 1364 joaquinmiller.com "-" "Mozilla/5.0 (compatible; YandexBot/3.0; +http://yandex.com/bots)" "-"
77.88.5.0 - - [10/Aug/2020:07:46:57 -0400] "GET /robots.txt HTTP/1.1" 404 1364 www.joaquinmiller.com "-" "Mozilla/5.0 (compatible; YandexBot/3.0; +http://yandex.com/bots)" "-"
77.88.5.0 - - [10/Aug/2020:07:46:57 -0400] "GET /robots.txt HTTP/1.1" 404 1364 www.joaquinmiller.com "-" "Mozilla/5.0 (compatible; YandexBot/3.0; +http://yandex.com/bots)" "-"
77.88.5.0 - - [10/Aug/2020:07:46:57 -0400] "GET /robots.txt HTTP/1.1" 404 1364 joaquinmiller.com "-" "Mozilla/5.0 (compatible; YandexBot/3.0; +http://yandex.com/bots)" "-"
77.88.5.0 - - [10/Aug/2020:07:47:00 -0400] "GET / HTTP/1.1" 200 18173 joaquinmiller.com "-" "Mozilla/5.0 (compatible; YandexBot/3.0; +http://yandex.com/bots)" "-"
93.158.161.0 - - [10/Aug/2020:07:47:01 -0400] "GET / HTTP/1.1" 200 18173 www.joaquinmiller.com "-" "Mozilla/5.0 (compatible; YandexBot/3.0; +http://yandex.com/bots)" "-"
77.88.5.0 - - [10/Aug/2020:07:47:01 -0400] "GET / HTTP/1.1" 200 18173 joaquinmiller.com "-" "Mozilla/5.0 (compatible; YandexBot/3.0; +http://yandex.com/bots)" "-"
77.88.5.0 - - [10/Aug/2020:07:47:02 -0400] "GET / HTTP/1.1" 200 18173 www.joaquinmiller.com "-" "Mozilla/5.0 (compatible; YandexBot/3.0; +http://yandex.com/bots)" "-"
46.229.168.0 - - [10/Aug/2020:07:53:18 -0400] "GET /images8.html HTTP/1.1" 200 22836 www.joaquinmiller.com "-" "Mozilla/5.0 (compatible; SemrushBot/6~bl; +http://www.semrush.com/bot.html)" "-"
46.229.168.0 - - [10/Aug/2020:07:59:10 -0400] "GET /pages/image13.html HTTP/1.1" 200 1130 joaquinmiller.com "-" "Mozilla/5.0 (compatible; SemrushBot/6~bl; +http://www.semrush.com/bot.html)" "-"
46.229.168.0 - - [10/Aug/2020:08:04:12 -0400] "GET /pages/image220.html HTTP/1.1" 200 1136 joaquinmiller.com "-" "Mozilla/5.0 (compatible; SemrushBot/6~bl; +http://www.semrush.com/bot.html)" "-"
46.229.168.0 - - [10/Aug/2020:08:11:43 -0400] "GET /pages/image131.html HTTP/1.1" 200 1136 joaquinmiller.com "-" "Mozilla/5.0 (compatible; SemrushBot/6~bl; +http://www.semrush.com/bot.html)" "-"
46.229.168.0 - - [10/Aug/2020:08:12:26 -0400] "GET /pages/image117.html HTTP/1.1" 200 1136 www.joaquinmiller.com "-" "Mozilla/5.0 (compatible; SemrushBot/6~bl; +http://www.semrush.com/bot.html)" "-"
46.229.168.0 - - [10/Aug/2020:08:13:14 -0400] "GET /pages/image161.html HTTP/1.1" 200 1136 www.joaquinmiller.com "-" "Mozilla/5.0 (compatible; SemrushBot/6~bl; +http://www.semrush.com/bot.html)" "-"
46.229.168.0 - - [10/Aug/2020:08:13:29 -0400] "GET /pages/image295.html HTTP/1.1" 200 1138 joaquinmiller.com "-" "Mozilla/5.0 (compatible; SemrushBot/6~bl; +http://www.semrush.com/bot.html)" "-"
114.119.164.0 - - [10/Aug/2020:08:17:05 -0400] "GET /pages/image212.html HTTP/1.1" 200 1136 www.joaquinmiller.com "-" "Mozilla/5.0 (Linux; Android 7.0;) AppleWebKit/537.36 (KHTML, like Gecko) Mobile Safari/537.36 (compatible; PetalBot;+https://aspiegel.com/petalbot)" "-"
114.119.165.0 - - [10/Aug/2020:08:22:15 -0400] "GET /pages/image224.html HTTP/1.1" 200 1136 www.joaquinmiller.com "-" "Mozilla/5.0 (Linux; Android 7.0;) AppleWebKit/537.36 (KHTML, like Gecko) Mobile Safari/537.36 (compatible; PetalBot;+https://aspiegel.com/petalbot)" "-"
46.229.168.0 - - [10/Aug/2020:08:22:32 -0400] "GET /pages/image241.html HTTP/1.1" 200 1136 joaquinmiller.com "-" "Mozilla/5.0 (compatible; SemrushBot/6~bl; +http://www.semrush.com/bot.html)" "-"
54.36.149.0 - - [10/Aug/2020:08:23:11 -0400] "GET / HTTP/1.1" 200 18173 joaquinmiller.com "-" "Mozilla/5.0 (compatible; AhrefsBot/6.1; +http://ahrefs.com/robot/)" "-"
46.229.168.0 - - [10/Aug/2020:08:25:25 -0400] "GET /robots.txt HTTP/1.1" 404 1364 www.joaquinmiller.com "-" "Mozilla/5.0 (compatible; SemrushBot/6~bl; +http://www.semrush.com/bot.html)" "-"
46.229.168.0 - - [10/Aug/2020:08:25:26 -0400] "GET /pages/image83.html HTTP/1.1" 200 1132 www.joaquinmiller.com "-" "Mozilla/5.0 (compatible; SemrushBot/6~bl; +http://www.semrush.com/bot.html)" "-"
46.229.168.0 - - [10/Aug/2020:08:33:44 -0400] "GET /pages/image134.html HTTP/1.1" 200 1136 www.joaquinmiller.com "-" "Mozilla/5.0 (compatible; SemrushBot/6~bl; +http://www.semrush.com/bot.html)" "-"
46.229.168.0 - - [10/Aug/2020:08:38:37 -0400] "GET /images3.html HTTP/1.1" 200 21747 www.joaquinmiller.com "-" "Mozilla/5.0 (compatible; SemrushBot/6~bl; +http://www.semrush.com/bot.html)" "-"
46.229.168.0 - - [10/Aug/2020:08:43:39 -0400] "GET /ack.html HTTP/1.1" 200 16930 www.joaquinmiller.com "-" "Mozilla/5.0 (compatible; SemrushBot/6~bl; +http://www.semrush.com/bot.html)" "-"
114.119.165.0 - - [10/Aug/2020:08:44:09 -0400] "GET /years/1916.html HTTP/1.1" 200 16605 joaquinmiller.com "-" "Mozilla/5.0 (Linux; Android 7.0;) AppleWebKit/537.36 (KHTML, like Gecko) Mobile Safari/537.36 (compatible; PetalBot;+https://aspiegel.com/petalbot)" "-"
18.210.220.0 - - [10/Aug/2020:08:48:53 -0400] "GET /newsletters/2002_Jan.pdf HTTP/1.1" 200 676450 joaquinmiller.com "-" "python-requests/2.21.0" "-"
46.229.168.0 - - [10/Aug/2020:08:56:10 -0400] "GET /pages/image271.html HTTP/1.1" 200 1138 www.joaquinmiller.com "-" "Mozilla/5.0 (compatible; SemrushBot/6~bl; +http://www.semrush.com/bot.html)" "-"
46.229.168.0 - - [10/Aug/2020:08:59:50 -0400] "GET /pages/image178.html HTTP/1.1" 200 1136 www.joaquinmiller.com "-" "Mozilla/5.0 (compatible; SemrushBot/6~bl; +http://www.semrush.com/bot.html)" "-"
114.119.163.0 - - [10/Aug/2020:09:00:59 -0400] "GET /thumbnails/Joaquin%20Miller%20pics.036.jpg HTTP/1.1" 200 8011 joaquinmiller.com "-" "Mozilla/5.0 (Linux; Android 7.0;) AppleWebKit/537.36 (KHTML, like Gecko) Mobile Safari/537.36 (compatible; PetalBot;+https://aspiegel.com/petalbot)" "-"
114.119.162.0 - - [10/Aug/2020:09:06:10 -0400] "GET /thumbnails/Joaquin%20Miller%20pics.199.jpg HTTP/1.1" 200 7481 joaquinmiller.com "-" "Mozilla/5.0 (Linux; Android 7.0;) AppleWebKit/537.36 (KHTML, like Gecko) Mobile Safari/537.36 (compatible; PetalBot;+https://aspiegel.com/petalbot)" "-"
54.36.148.0 - - [10/Aug/2020:09:08:28 -0400] "GET /robots.txt HTTP/1.1" 404 1364 www.joaquinmiller.com "-" "Mozilla/5.0 (compatible; AhrefsBot/6.1; +http://ahrefs.com/robot/)" "-"
54.36.149.0 - - [10/Aug/2020:09:08:29 -0400] "GET /years/1856.html HTTP/1.1" 200 15776 www.joaquinmiller.com "-" "Mozilla/5.0 (compatible; AhrefsBot/6.1; +http://ahrefs.com/robot/)" "-"
46.229.168.0 - - [10/Aug/2020:09:08:50 -0400] "GET /robots.txt HTTP/1.1" 404 1364 joaquinmiller.com "-" "Mozilla/5.0 (compatible; SemrushBot/6~bl; +http://www.semrush.com/bot.html)" "-"
46.229.168.0 - - [10/Aug/2020:09:08:50 -0400] "GET /pages/image173.html HTTP/1.1" 200 1136 joaquinmiller.com "-" "Mozilla/5.0 (compatible; SemrushBot/6~bl; +http://www.semrush.com/bot.html)" "-"
40.77.167.0 - - [10/Aug/2020:09:12:25 -0400] "GET /years/1905.html HTTP/1.1" 200 20830 poeticjustice.us "-" "Mozilla/5.0 (compatible; bingbot/2.0; +http://www.bing.com/bingbot.htm)" "-"
114.119.160.0 - - [10/Aug/2020:09:12:41 -0400] "GET /index1.html HTTP/1.1" 301 247 www.joaquinmiller.com "-" "Mozilla/5.0 (Linux; Android 7.0;) AppleWebKit/537.36 (KHTML, like Gecko) Mobile Safari/537.36 (compatible; PetalBot;+https://aspiegel.com/petalbot)" "-"
114.119.160.0 - - [10/Aug/2020:09:12:41 -0400] "GET /index.html HTTP/1.1" 200 18173 www.joaquinmiller.com "-" "Mozilla/5.0 (Linux; Android 7.0;) AppleWebKit/537.36 (KHTML, like Gecko) Mobile Safari/537.36 (compatible; PetalBot;+https://aspiegel.com/petalbot)" "-"
114.119.160.0 - - [10/Aug/2020:09:17:56 -0400] "GET /years/1951.html HTTP/1.1" 200 17579 www.joaquinmiller.com "-" "Mozilla/5.0 (Linux; Android 7.0;) AppleWebKit/537.36 (KHTML, like Gecko) Mobile Safari/537.36 (compatible; PetalBot;+https://aspiegel.com/petalbot)" "-"
46.229.168.0 - - [10/Aug/2020:09:24:34 -0400] "GET /years/1859.html HTTP/1.1" 200 23634 www.joaquinmiller.com "-" "Mozilla/5.0 (compatible; SemrushBot/6~bl; +http://www.semrush.com/bot.html)" "-"
46.229.168.0 - - [10/Aug/2020:09:27:27 -0400] "GET /index6.html HTTP/1.1" 301 243 joaquinmiller.com "-" "Mozilla/5.0 (compatible; SemrushBot/6~bl; +http://www.semrush.com/bot.html)" "-"
46.229.168.0 - - [10/Aug/2020:09:27:29 -0400] "GET /index.html HTTP/1.1" 200 18173 joaquinmiller.com "-" "Mozilla/5.0 (compatible; SemrushBot/6~bl; +http://www.semrush.com/bot.html)" "-"
46.229.168.0 - - [10/Aug/2020:09:31:16 -0400] "GET /pages/image181.html HTTP/1.1" 200 1136 joaquinmiller.com "-" "Mozilla/5.0 (compatible; SemrushBot/6~bl; +http://www.semrush.com/bot.html)" "-"
